// Jest Snapshot v1, https://goo.gl/fbAQLP

exports[`Loader should render correctly 1`] = `
.c0 {
  position: fixed;
  z-index: 101;
  top: 0;
  right: 0;
  bottom: 0;
  left: 0;
}

.c0:before {
  content: "";
  z-index: -1;
  opacity: 0.8;
  background-color: #EDEDED;
  z-index: 100;
  position: absolute;
  top: 0;
  right: 0;
  bottom: 0;
  left: 0;
}

.c1 {
  position: absolute;
  right: 100%;
}

.c2 {
  width: 80px;
  z-index: 102;
  position: fixed;
  left: calc(50% - 40px);
  top: calc(50% - 40px);
  -webkit-animation: rotate cubic-bezier(0.1,0.3,0.8,0.1) 1s infinite;
  animation: rotate cubic-bezier(0.1,0.3,0.8,0.1) 1s infinite;
}

<div>
  <div
    aria-hidden="true"
    data-focus-guard="true"
    data-focus-on-hidden="true"
    style="width: 1px; height: 0px; padding: 0px; overflow: hidden; position: fixed; top: 1px; left: 1px;"
    tabindex="0"
  />
  <div
    data-focus-lock-disabled="false"
  >
    <div
      class="c0"
    >
      <button
        class="c1"
      />
      <img
        class="c2"
        src="loader.svg"
      />
    </div>
  </div>
  <div
    aria-hidden="true"
    data-focus-guard="true"
    data-focus-on-hidden="true"
    style="width: 1px; height: 0px; padding: 0px; overflow: hidden; position: fixed; top: 1px; left: 1px;"
    tabindex="0"
  />
  <div
    aria-hidden="true"
    data-focus-on-hidden="true"
  />
</div>
`;
