// Jest Snapshot v1, https://goo.gl/fbAQLP

exports[`Bold should match snapshot 1`] = `
.c0 {
  font-weight: 700;
}

<div>
  <span
    class="c0"
  />
  <div />
</div>
`;
