// Jest Snapshot v1, https://goo.gl/fbAQLP

exports[`Label should render inner icons 1`] = `
.c1 {
  font-weight: 400;
  font-size: 14px;
  line-height: 20px;
}

.c0 {
  position: relative;
  display: -webkit-box;
  display: -webkit-flex;
  display: -ms-flexbox;
  display: flex;
  -webkit-box-pack: justify;
  -webkit-justify-content: space-between;
  -ms-flex-pack: justify;
  justify-content: space-between;
  -webkit-align-items: center;
  -webkit-box-align: center;
  -ms-flex-align: center;
  align-items: center;
}

.c2 {
  cursor: default;
  display: inline-block;
  width: 100%;
  text-overflow: ellipsis;
  overflow: hidden;
  white-space: pre;
}

.c3 {
  display: -webkit-box;
  display: -webkit-flex;
  display: -ms-flexbox;
  display: flex;
  margin-bottom: 5px;
  z-index: 1;
  position: absolute;
  top: calc(100% + 22px);
  right: calc(100% - 26px);
}

.c3 > *:not(:last-child) {
  margin-right: 10px;
}

<div>
  <div
    class="c0"
  >
    <div
      class="c1 c2"
    />
    <div
      class="c3"
    />
  </div>
  <div />
</div>
`;
