// Jest Snapshot v1, https://goo.gl/fbAQLP

exports[`LoadingSpinner should render the component 1`] = `
.c0 {
  -webkit-align-items: center;
  -webkit-box-align: center;
  -ms-flex-align: center;
  align-items: center;
  -webkit-box-pack: center;
  -webkit-justify-content: center;
  -ms-flex-pack: center;
  justify-content: center;
}

.c1 {
  display: -webkit-box;
  display: -webkit-flex;
  display: -ms-flexbox;
  display: flex;
}

.c2 {
  width: 40px;
  -webkit-animation: rotate cubic-bezier(0.1,0.3,0.8,0.1) 1s infinite;
  animation: rotate cubic-bezier(0.1,0.3,0.8,0.1) 1s infinite;
}

<div>
  <div
    class="c0 c1"
  >
    <img
      class="c2"
      src="loader.svg"
    />
  </div>
  <div />
</div>
`;
