// Jest Snapshot v1, https://goo.gl/fbAQLP

exports[`PageElementWrapper should render the component 1`] = `
.c0 {
  padding: 0 48px;
}

<div
  class="c0"
/>
`;
