// Jest Snapshot v1, https://goo.gl/fbAQLP

exports[`PrimaryGrid should render the component 1`] = `
.c0 {
  display: grid;
  grid-template-columns: 371px auto;
  grid-gap: 0;
}

<div
  class="c0"
/>
`;
