// Jest Snapshot v1, https://goo.gl/fbAQLP

exports[`ValidationInfo should render the component with custom text color 1`] = `
<div>
  test-message
</div>
`;
