// Jest Snapshot v1, https://goo.gl/fbAQLP

exports[`Overflower should render correctly 1`] = `
.c0 {
  display: -webkit-inline-box;
  display: -webkit-inline-flex;
  display: -ms-inline-flexbox;
  display: inline-flex;
  -webkit-flex-wrap: wrap;
  -ms-flex-wrap: wrap;
  flex-wrap: wrap;
  height: 1.5em;
  box-sizing: border-box;
  max-width: 100%;
  overflow: hidden;
  text-overflow: ellipsis;
  white-space: nowrap;
}

.c1 {
  display: block;
  overflow: hidden;
  -webkit-box-flex: 1;
  -webkit-flex-grow: 1;
  -ms-flex-positive: 1;
  flex-grow: 1;
  width: 0;
  text-overflow: ellipsis;
}

.c2 {
  display: inline;
  -webkit-flex-basis: 100%;
  -ms-flex-preferred-size: 100%;
  flex-basis: 100%;
}

<div>
  <span
    class="c0"
  >
    <span
      class="c1"
    >
      short text
    </span>
    <span
      class="c2"
    >
      long text
    </span>
  </span>
  <div />
</div>
`;
