// Jest Snapshot v1, https://goo.gl/fbAQLP

exports[`PersonCard should render correctly 1`] = `
.c0 {
  width: 100px;
  height: 100px;
  margin: 48px auto 24px;
  background-color: #FFFFFF;
  border-radius: 50%;
}

.c1 {
  border-radius: 50%;
  width: 100px;
  border: 4px solid #055A60;
}

.c2 {
  font-size: 24px;
  font-weight: 600;
  font-stretch: normal;
  line-height: 28px;
  text-align: center;
  color: #2F2F2F;
  margin-bottom: 0;
}

.c3 {
  font-size: 14px;
  font-stretch: normal;
  line-height: 20px;
  text-align: center;
  color: #055A60;
  margin-top: 4px;
  white-space: pre-wrap;
}

<div>
  <div>
    <div
      class="c0"
    >
      <img
        alt="profile-avatar"
        class="c1"
        src="https://via.placeholder.com/100"
      />
    </div>
    <p
      class="c2"
    >
      John Doe
    </p>
    <p
      class="c3"
    >
      Consultant
    </p>
  </div>
  <div />
</div>
`;
