// Jest Snapshot v1, https://goo.gl/fbAQLP

exports[`ConfirmModal should change icon when showBackdrop is false 1`] = `
.c0 {
  display: inline;
  margin-right: 6px;
}

.c0 > img {
  margin-bottom: 4px;
}

@media (max-height:768px) {

}

<div>
  <div
    alt="confirmWindow.back"
    class="c0"
    type="arrow-prev-black"
  >
    <img
      alt="confirmWindow.back"
      src="arrow-prev-black.svg"
    />
  </div>
  confirmWindow.back
</div>
`;

exports[`ConfirmModal should render correctly 1`] = `
.c0 {
  width: 100%;
  height: 100%;
  position: fixed;
  z-index: 300;
  left: 0;
  top: 0;
  -webkit-backdrop-filter: blur(10px);
  -webkit-backdrop-filter: blur(10px);
  backdrop-filter: blur(10px);
  background-color: rgba(0,0,0,0.7);
}

.c8 {
  -webkit-text-decoration: none;
  text-decoration: none;
  outline: 0px;
  cursor: pointer;
  box-sizing: border-box;
  display: -webkit-box;
  display: -webkit-flex;
  display: -ms-flexbox;
  display: flex;
  -webkit-box-pack: center;
  -webkit-justify-content: center;
  -ms-flex-pack: center;
  justify-content: center;
  -webkit-align-items: center;
  -webkit-box-align: center;
  -ms-flex-align: center;
  align-items: center;
  min-width: 128px;
  max-width: 400px;
  height: 52px;
  padding-left: 32px;
  padding-right: 32px;
  font-size: 16px;
  font-weight: 700;
  line-height: 20px;
  text-align: center;
  color: #FFFFFF;
  background-color: #055A60;
  border: 2px solid #055A60;
}

.c8 svg g,
.c8 svg g path,
.c8 svg g circle,
.c8 svg g rect {
  stroke: #FFFFFF;
}

.c8 svg g rect {
  fill: #FFFFFF;
}

.c8 svg g tspan {
  stroke: transparent;
  fill: #FFFFFF;
}

.c8 svg > path {
  stroke: #FFFFFF;
}

.c8:hover {
  color: #FFFFFF;
  background-color: #181818;
  border: 2px solid #181818;
}

.c8:hover svg g,
.c8:hover svg g path,
.c8:hover svg g circle,
.c8:hover svg g rect {
  stroke: #FFFFFF;
}

.c8:hover svg g rect {
  fill: #FFFFFF;
}

.c8:hover svg g tspan {
  stroke: transparent;
  fill: #FFFFFF;
}

.c8:hover svg > path {
  stroke: #FFFFFF;
}

.c8:disabled {
  cursor: initial;
  color: #FFFFFF;
  background-color: #9BBDBF;
  border: 2px solid #9BBDBF;
}

.c8:disabled svg g,
.c8:disabled svg g path,
.c8:disabled svg g circle,
.c8:disabled svg g rect {
  stroke: #FFFFFF;
}

.c8:disabled svg g rect {
  fill: #FFFFFF;
}

.c8:disabled svg g tspan {
  stroke: transparent;
  fill: #FFFFFF;
}

.c8:disabled svg > path {
  stroke: #FFFFFF;
}

.c8:active:not(:disabled) {
  -webkit-transform: translateY(1px);
  -ms-transform: translateY(1px);
  transform: translateY(1px);
}

.c4 {
  height: 100%;
  width: 100%;
  -webkit-scrollbar-color: #9b9b9b transparent;
  -moz-scrollbar-color: #9b9b9b transparent;
  -ms-scrollbar-color: #9b9b9b transparent;
  scrollbar-color: #9b9b9b transparent;
  -webkit-scrollbar-width: thin;
  -moz-scrollbar-width: thin;
  -ms-scrollbar-width: thin;
  scrollbar-width: thin;
  -webkit-scrollbar-height: thin;
  -moz-scrollbar-height: thin;
  -ms-scrollbar-height: thin;
  scrollbar-height: thin;
}

.c4::-webkit-scrollbar-corner {
  background: transparent;
}

.c4::-webkit-scrollbar-track {
  background: transparent;
}

.c4::-webkit-scrollbar-thumb {
  background: #9b9b9b;
}

.c4::-webkit-scrollbar {
  width: 6px;
}

.c4::-webkit-scrollbar {
  height: 6px;
}

.c5 {
  display: -webkit-box;
  display: -webkit-flex;
  display: -ms-flexbox;
  display: flex;
}

.c1 {
  width: 652px;
  position: fixed;
  z-index: 400;
  left: calc(50% - 326px);
  top: 30%;
}

.c2 {
  width: 100%;
  border-radius: 7px;
  -webkit-backdrop-filter: blur(10px);
  -webkit-backdrop-filter: blur(10px);
  backdrop-filter: blur(10px);
  background-color: #ffffff;
  padding: 30px;
  margin-bottom: 20px;
}

.c2 h2 {
  height: 28px;
  font-size: 26px;
  font-weight: normal;
  font-style: normal;
  font-stretch: normal;
  line-height: 1.08;
  text-align: center;
}

.c2 p {
  font-size: 18px;
  font-stretch: normal;
  line-height: 1.33;
  text-align: center;
  color: #2F2F2F;
  margin: 0;
}

.c2 div {
  font-size: 18px;
  font-stretch: normal;
  line-height: 1.33;
  margin: 0;
}

.c3 {
  display: -webkit-box;
  display: -webkit-flex;
  display: -ms-flexbox;
  display: flex;
  -webkit-flex-direction: column;
  -ms-flex-direction: column;
  flex-direction: column;
}

.c7 {
  text-align: center;
}

.c6 {
  width: 33.33%;
}

@media (max-height:768px) {
  .c1 {
    top: 20%;
  }
}

<div>
  <div>
    <div
      aria-hidden="true"
      data-focus-guard="true"
      data-focus-on-hidden="true"
      style="width: 1px; height: 0px; padding: 0px; overflow: hidden; position: fixed; top: 1px; left: 1px;"
      tabindex="0"
    />
    <div
      data-focus-lock-disabled="false"
    >
      <div
        aria-label="backdrop"
        class="c0"
      />
      <div
        class="c1 modal"
        role="dialog"
      >
        <div
          class="c2"
        >
          <div
            class="c3 message"
          >
            <div
              class="c4"
            />
          </div>
        </div>
        <div
          class="c5"
        >
          <div
            class="c6"
          />
          <div
            class="c6"
          >
            <div
              class="c7"
            >
              <button
                class="c8"
                color="white"
                type="button"
              >
                Confirm
              </button>
            </div>
          </div>
          <div
            class="c6"
          />
        </div>
      </div>
    </div>
    <div
      aria-hidden="true"
      data-focus-guard="true"
      data-focus-on-hidden="true"
      style="width: 1px; height: 0px; padding: 0px; overflow: hidden; position: fixed; top: 1px; left: 1px;"
      tabindex="0"
    />
  </div>
  <div
    aria-hidden="true"
    data-focus-on-hidden="true"
  />
</div>
`;
